Search results:

Solution 1:
V:K -->
_0:Type

Solution 2:
V:K -->
_0:Type -> _0 = _0
