Search results:

Solution 1:
Solution:Map -->
L:Term |-> cons ( c, cons ( X:Term, cons ( a, nil ) ) )
T:Term |-> cons ( a, cons ( X, cons ( c, nil ) ) )
X:Term |-> X
