Search results:

Solution 1:
Solution:Map -->
A:Term |-> A:Term
B:Term |-> B:Term
C:Term |-> A
